
> md-website@0.0.0 build
> tsc -b && vite build

src/components/Navbar.tsx(4,37): error TS6133: 'User' is declared but its value is never read.
src/components/Navbar.tsx(4,51): error TS6133: 'MessageCircle' is declared but its value is never read.
